Flow report for Laboratorio6
Mon Jun 13 18:23:53 2016
Quartus Prime Version 15.1.0 Build 185 10/21/2015 SJ Lite Edition


---------------------
; Table of Contents ;
---------------------
  1. Legal Notice
  2. Flow Summary
  3. Flow Settings
  4. Flow Non-Default Global Settings
  5. Flow Elapsed Time
  6. Flow OS Summary
  7. Flow Log
  8. Flow Messages
  9. Flow Suppressed Messages



----------------
; Legal Notice ;
----------------
Copyright (C) 1991-2015 Altera Corporation. All rights reserved.
Your use of Altera Corporation's design tools, logic functions 
and other software and tools, and its AMPP partner logic 
functions, and any output files from any of the foregoing 
(including device programming or simulation files), and any 
associated documentation or information are expressly subject 
to the terms and conditions of the Altera Program License 
Subscription Agreement, the Altera Quartus Prime License Agreement,
the Altera MegaCore Function License Agreement, or other 
applicable license agreement, including, without limitation, 
that your use is for the sole purpose of programming logic 
devices manufactured by Altera and sold by Altera or its 
authorized distributors.  Please refer to the applicable 
agreement for further details.



+----------------------------------------------------------------------------------+
; Flow Summary                                                                     ;
+------------------------------------+---------------------------------------------+
; Flow Status                        ; Successful - Mon Jun 13 18:23:53 2016       ;
; Quartus Prime Version              ; 15.1.0 Build 185 10/21/2015 SJ Lite Edition ;
; Revision Name                      ; Laboratorio6                                ;
; Top-level Entity Name              ; Laboratorio6                                ;
; Family                             ; Cyclone IV E                                ;
; Device                             ; EP4CE115F29C7                               ;
; Timing Models                      ; Final                                       ;
; Total logic elements               ; N/A until Partition Merge                   ;
;     Total combinational functions  ; N/A until Partition Merge                   ;
;     Dedicated logic registers      ; N/A until Partition Merge                   ;
; Total registers                    ; N/A until Partition Merge                   ;
; Total pins                         ; N/A until Partition Merge                   ;
; Total virtual pins                 ; N/A until Partition Merge                   ;
; Total memory bits                  ; N/A until Partition Merge                   ;
; Embedded Multiplier 9-bit elements ; N/A until Partition Merge                   ;
; Total PLLs                         ; N/A until Partition Merge                   ;
+------------------------------------+---------------------------------------------+


+-----------------------------------------+
; Flow Settings                           ;
+-------------------+---------------------+
; Option            ; Setting             ;
+-------------------+---------------------+
; Start date & time ; 06/13/2016 18:23:37 ;
; Main task         ; Compilation         ;
; Revision Name     ; Laboratorio6        ;
+-------------------+---------------------+


+---------------------------------------------------------------------------------------------------------------------------------+
; Flow Non-Default Global Settings                                                                                                ;
+--------------------------------------+---------------------------------------+---------------+-------------+--------------------+
; Assignment Name                      ; Value                                 ; Default Value ; Entity Name ; Section Id         ;
+--------------------------------------+---------------------------------------+---------------+-------------+--------------------+
; COMPILER_SIGNATURE_ID                ; 23084203634910.146585301727600        ; --            ; --          ; --                 ;
; EDA_DESIGN_INSTANCE_NAME             ; NA                                    ; --            ; --          ; LFSR_12_TB         ;
; EDA_DESIGN_INSTANCE_NAME             ; NA                                    ; --            ; --          ; Laboratorio6_TB    ;
; EDA_DESIGN_INSTANCE_NAME             ; NA                                    ; --            ; --          ; Control_RAM_FSM_TB ;
; EDA_NATIVELINK_SIMULATION_TEST_BENCH ; Laboratorio6_TB                       ; --            ; --          ; eda_simulation     ;
; EDA_OUTPUT_DATA_FORMAT               ; Vhdl                                  ; --            ; --          ; eda_simulation     ;
; EDA_SIMULATION_TOOL                  ; ModelSim-Altera (VHDL)                ; <None>        ; --          ; --                 ;
; EDA_TEST_BENCH_ENABLE_STATUS         ; TEST_BENCH_MODE                       ; --            ; --          ; eda_simulation     ;
; EDA_TEST_BENCH_FILE                  ; LFSR_12_TB.vhd                        ; --            ; --          ; LFSR_12_TB         ;
; EDA_TEST_BENCH_FILE                  ; Laboratorio6_TB.vhd                   ; --            ; --          ; Laboratorio6_TB    ;
; EDA_TEST_BENCH_FILE                  ; Control_RAM_FSM_TB.vhd                ; --            ; --          ; Control_RAM_FSM_TB ;
; EDA_TEST_BENCH_MODULE_NAME           ; LFSR_12_TB                            ; --            ; --          ; LFSR_12_TB         ;
; EDA_TEST_BENCH_MODULE_NAME           ; Laboratorio6_TB                       ; --            ; --          ; Laboratorio6_TB    ;
; EDA_TEST_BENCH_MODULE_NAME           ; Control_RAM_FSM_TB                    ; --            ; --          ; Control_RAM_FSM_TB ;
; EDA_TEST_BENCH_NAME                  ; Control_RAM_FSM_TB                    ; --            ; --          ; eda_simulation     ;
; EDA_TEST_BENCH_NAME                  ; LFSR_12_TB                            ; --            ; --          ; eda_simulation     ;
; EDA_TEST_BENCH_NAME                  ; Laboratorio6_TB                       ; --            ; --          ; eda_simulation     ;
; MAX_CORE_JUNCTION_TEMP               ; 85                                    ; --            ; --          ; --                 ;
; MIN_CORE_JUNCTION_TEMP               ; 0                                     ; --            ; --          ; --                 ;
; MISC_FILE                            ; ROM_inst.vhd                          ; --            ; --          ; --                 ;
; MISC_FILE                            ; ROM.cmp                               ; --            ; --          ; --                 ;
; MISC_FILE                            ; PLL/PLL.cmp                           ; --            ; --          ; --                 ;
; MISC_FILE                            ; PLL/PLL.ppf                           ; --            ; --          ; --                 ;
; NOMINAL_CORE_SUPPLY_VOLTAGE          ; 1.2V                                  ; --            ; --          ; --                 ;
; PARTITION_COLOR                      ; 16764057                              ; --            ; --          ; Top                ;
; PARTITION_FITTER_PRESERVATION_LEVEL  ; PLACEMENT_AND_ROUTING                 ; --            ; --          ; Top                ;
; PARTITION_NETLIST_TYPE               ; SOURCE                                ; --            ; --          ; Top                ;
; POWER_BOARD_THERMAL_MODEL            ; None (CONSERVATIVE)                   ; --            ; --          ; --                 ;
; POWER_PRESET_COOLING_SOLUTION        ; 23 MM HEAT SINK WITH 200 LFPM AIRFLOW ; --            ; --          ; --                 ;
; PROJECT_OUTPUT_DIRECTORY             ; output_files                          ; --            ; --          ; --                 ;
+--------------------------------------+---------------------------------------+---------------+-------------+--------------------+


+----------------------------------------------------------------------------------------------------------------------------+
; Flow Elapsed Time                                                                                                          ;
+------------------------+--------------+-------------------------+---------------------+------------------------------------+
; Module Name            ; Elapsed Time ; Average Processors Used ; Peak Virtual Memory ; Total CPU Time (on all processors) ;
+------------------------+--------------+-------------------------+---------------------+------------------------------------+
; Analysis & Elaboration ; 00:00:17     ; 1.0                     ; 864 MB              ; 00:00:37                           ;
; Total                  ; 00:00:17     ; --                      ; --                  ; 00:00:37                           ;
+------------------------+--------------+-------------------------+---------------------+------------------------------------+


+-------------------------------------------------------------------------------------+
; Flow OS Summary                                                                     ;
+------------------------+------------------+-----------+------------+----------------+
; Module Name            ; Machine Hostname ; OS Name   ; OS Version ; Processor type ;
+------------------------+------------------+-----------+------------+----------------+
; Analysis & Elaboration ; Gabriel          ; Windows 8 ; 6.2        ; x86_64         ;
+------------------------+------------------+-----------+------------+----------------+


------------
; Flow Log ;
------------
quartus_map --read_settings_files=on --write_settings_files=off Laboratorio6 -c Laboratorio6 --analysis_and_elaboration



